[19Sep2025 00:01:28.873] [Server thread/INFO] [net.minecraft.server.MinecraftServer/]: [KodaMakuin: Set own game mode to Survival Mode]
[19Sep2025 00:28:51.809] [Server thread/INFO] [net.minecraft.server.network.ServerLoginPacketListenerImpl/]: com.mojang.authlib.GameProfile@33fe6d4d[id=<null>,name=Kilkov_,properties={},legacy=false] (/100.73.15.23:60752) lost connection: Disconnected
[19Sep2025 00:29:55.527] [Server thread/INFO] [net.minecraft.server.players.PlayerList/]: Kilkov_[/100.73.15.23:60865] logged in with entity id 12285 at (799.8261530463146, 121.0, 3886.9129461614775)
[19Sep2025 00:29:55.554] [Server thread/INFO] [net.minecraft.server.MinecraftServer/]: Kilkov_ joined the game
[19Sep2025 00:29:55.597] [Server thread/INFO] [Jade/]: Syncing config to Kilkov_ (fd11f1bc-128d-327c-9492-ee343c5d3297)
[19Sep2025 00:30:17.231] [Server thread/INFO] [net.minecraft.server.MinecraftServer/]: [Not Secure] <Kilkov_> qlq
[19Sep2025 00:30:23.457] [Server thread/INFO] [net.minecraft.server.MinecraftServer/]: [Not Secure] <KodaMakuin> qlq
[19Sep2025 00:30:38.808] [Server thread/INFO] [net.minecraft.server.MinecraftServer/]: [Not Secure] <KodaMakuin> en que stage tienes el dragon?
[19Sep2025 00:30:51.707] [Server thread/INFO] [net.minecraft.server.MinecraftServer/]: [Not Secure] <Kilkov_> prestame el baston
[19Sep2025 00:30:58.336] [Server thread/INFO] [net.minecraft.server.MinecraftServer/]: [Not Secure] <Kilkov_> tengo q dejarlo en staying no?
[19Sep2025 00:31:00.959] [Server thread/INFO] [net.minecraft.server.MinecraftServer/]: [Not Secure] <KodaMakuin> si
[19Sep2025 00:31:01.976] [Server thread/INFO] [net.minecraft.server.MinecraftServer/]: [Not Secure] <Kilkov_> ira tp
[19Sep2025 00:31:03.768] [Server thread/INFO] [net.minecraft.server.MinecraftServer/]: [Not Secure] <Kilkov_> tira tp
[19Sep2025 00:31:11.089] [Server thread/INFO] [net.minecraft.server.MinecraftServer/]: [Not Secure] <KodaMakuin> aunque si lo tienes en el cuerno te dice
[19Sep2025 00:31:20.008] [Server thread/INFO] [net.minecraft.server.MinecraftServer/]: [Not Secure] <Kilkov_> 57d
[19Sep2025 00:31:25.416] [Server thread/INFO] [net.minecraft.server.MinecraftServer/]: [Not Secure] <Kilkov_> es q lo deje encerrado
[19Sep2025 00:31:27.292] [Server thread/INFO] [net.minecraft.server.MinecraftServer/]: [KodaMakuin: Teleported KodaMakuin to Kilkov_]
[19Sep2025 00:31:28.008] [Server thread/INFO] [net.minecraft.server.MinecraftServer/]: [Not Secure] <Kilkov_> y tu?
[19Sep2025 00:31:51.735] [Server thread/INFO] [net.minecraft.server.MinecraftServer/]: [Not Secure] <Kilkov_> q wb
[19Sep2025 00:31:56.429] [Server thread/INFO] [net.minecraft.server.MinecraftServer/]: [Not Secure] <Kilkov_> se me olvido q me jodio la casa :V
[19Sep2025 00:31:59.515] [Server thread/INFO] [net.minecraft.server.MinecraftServer/]: [Not Secure] <KodaMakuin> lo subi un poco mas
[19Sep2025 00:32:04.476] [Server thread/INFO] [net.minecraft.server.MinecraftServer/]: [Not Secure] <KodaMakuin> el karma pri
[19Sep2025 00:32:07.209] [Server thread/INFO] [net.minecraft.server.MinecraftServer/]: [Not Secure] <KodaMakuin> disc?
[19Sep2025 00:32:09.473] [Server thread/INFO] [net.minecraft.server.MinecraftServer/]: [Not Secure] <Kilkov_> ya va
[19Sep2025 00:32:13.914] [Server thread/INFO] [net.minecraft.server.MinecraftServer/]: [Not Secure] <Kilkov_> ando viendo un video de werly
[19Sep2025 00:32:15.130] [Server thread/INFO] [net.minecraft.server.MinecraftServer/]: [Not Secure] <Kilkov_> mira
[19Sep2025 00:32:18.803] [Server thread/INFO] [net.minecraft.server.MinecraftServer/]: [Not Secure] <Kilkov_> tp
[19Sep2025 00:32:21.637] [Server thread/INFO] [net.minecraft.server.MinecraftServer/]: [Not Secure] <Kilkov_> sabes colocar esto?
[19Sep2025 00:32:29.379] [Server thread/INFO] [net.minecraft.server.MinecraftServer/]: [Not Secure] <KodaMakuin> como se vuela con esto?
[19Sep2025 00:32:51.219] [Server thread/INFO] [net.minecraft.server.MinecraftServer/]: [KodaMakuin: Teleported KodaMakuin to Kilkov_]
[19Sep2025 00:33:01.854] [Server thread/INFO] [net.minecraft.server.MinecraftServer/]: [Not Secure] <Kilkov_> Sabews?
[19Sep2025 00:33:05.459] [Server thread/INFO] [net.minecraft.server.MinecraftServer/]: [Not Secure] <Kilkov_> o los pongo en gm rapido
[19Sep2025 00:33:07.559] [Server thread/INFO] [net.minecraft.server.MinecraftServer/]: [Not Secure] <Kilkov_> es un DOLOR
[19Sep2025 00:33:08.811] [Server thread/INFO] [net.minecraft.server.MinecraftServer/]: [Not Secure] <Kilkov_> de bolas
[19Sep2025 00:33:12.853] [Server thread/INFO] [net.minecraft.server.MinecraftServer/]: [Not Secure] <KodaMakuin> no tengo ni idea
[19Sep2025 00:33:13.303] [Server thread/INFO] [net.minecraft.server.MinecraftServer/]: [Not Secure] <KodaMakuin> xd
[19Sep2025 00:33:14.103] [Server thread/INFO] [net.minecraft.server.MinecraftServer/]: [Not Secure] <Kilkov_> Quieres intentar? xd
[19Sep2025 00:33:16.861] [Server thread/INFO] [net.minecraft.server.MinecraftServer/]: [Not Secure] <Kilkov_> mira
[19Sep2025 00:33:19.371] [Server thread/INFO] [net.minecraft.server.MinecraftServer/]: [Not Secure] <Kilkov_> pa q veas q es un cancer
[19Sep2025 00:33:56.557] [Server thread/INFO] [net.minecraft.server.MinecraftServer/]: [Not Secure] <Kilkov_> ;V
[19Sep2025 00:33:58.287] [Server thread/INFO] [net.minecraft.server.MinecraftServer/]: [Not Secure] <Kilkov_> jAJAJAJA
[19Sep2025 00:34:05.655] [Server thread/INFO] [net.minecraft.server.MinecraftServer/]: [Not Secure] <KodaMakuin> necesito mas bloques
[19Sep2025 00:34:21.724] [Server thread/INFO] [net.minecraft.server.MinecraftServer/]: [Not Secure] <Kilkov_> tienes libro?
[19Sep2025 00:34:23.656] [Server thread/INFO] [net.minecraft.server.MinecraftServer/]: [Not Secure] <Kilkov_> o con q saltai
[19Sep2025 00:34:27.404] [Server thread/INFO] [net.minecraft.server.MinecraftServer/]: [Not Secure] <KodaMakuin> artifac
[19Sep2025 00:34:32.287] [Server thread/INFO] [net.minecraft.server.MinecraftServer/]: [Not Secure] <Kilkov_> de arriba es diferente
[19Sep2025 00:34:35.155] [Server thread/INFO] [net.minecraft.server.MinecraftServer/]: [Not Secure] <Kilkov_> tiene que ser de abajo
[19Sep2025 00:34:35.965] [Server thread/INFO] [net.minecraft.server.MinecraftServer/]: [Not Secure] <Kilkov_> jaja
[19Sep2025 00:34:53.704] [Server thread/INFO] [net.minecraft.server.MinecraftServer/]: [Not Secure] <Kilkov_> tiene q ser de abajo
[19Sep2025 00:34:56.662] [Server thread/INFO] [net.minecraft.server.MinecraftServer/]: [Not Secure] <Kilkov_> de arriba sale otra fomra
[19Sep2025 00:34:58.105] [Server thread/INFO] [net.minecraft.server.MinecraftServer/]: [Not Secure] <Kilkov_> forma
[19Sep2025 00:35:15.588] [Server thread/INFO] [net.minecraft.server.MinecraftServer/]: [Not Secure] <Kilkov_> de arriba sale otra fomra
[19Sep2025 00:35:15.939] [Server thread/INFO] [net.minecraft.server.MinecraftServer/]: [Not Secure] <Kilkov_> de arriba sale otra fomra
[19Sep2025 00:35:16.325] [Server thread/INFO] [net.minecraft.server.MinecraftServer/]: [Not Secure] <Kilkov_> de arriba sale otra fomra
[19Sep2025 00:35:21.613] [Server thread/INFO] [net.minecraft.server.MinecraftServer/]: [Not Secure] <KodaMakuin> sisi lo se
[19Sep2025 00:35:24.605] [Server thread/INFO] [net.minecraft.server.MinecraftServer/]: [Kilkov_: Set own game mode to Creative Mode]
[19Sep2025 00:35:30.290] [Server thread/INFO] [net.minecraft.server.MinecraftServer/]: [Not Secure] <KodaMakuin> pero estoy tratando de copiarlo desde arriba
[19Sep2025 00:35:58.838] [Server thread/INFO] [net.minecraft.server.MinecraftServer/]: [Not Secure] <Kilkov_> es un dolor
[19Sep2025 00:35:59.989] [Server thread/INFO] [net.minecraft.server.MinecraftServer/]: [Not Secure] <Kilkov_> de bolas
[19Sep2025 00:36:01.267] [Server thread/INFO] [net.minecraft.server.MinecraftServer/]: [Not Secure] <Kilkov_> GIGANTE
[19Sep2025 00:36:11.838] [Server thread/INFO] [net.minecraft.server.MinecraftServer/]: [Not Secure] <Kilkov_> que lvl tienes tu drake?
[19Sep2025 00:36:12.056] [Server thread/INFO] [net.minecraft.server.MinecraftServer/]: [Not Secure] <KodaMakuin> es que depende de como donde tu estes puesto
[19Sep2025 00:36:14.306] [Server thread/INFO] [net.minecraft.server.MinecraftServer/]: [Not Secure] <KodaMakuin> pero si es ladilla
[19Sep2025 00:36:18.274] [Server thread/INFO] [net.minecraft.server.MinecraftServer/]: [Not Secure] <KodaMakuin> stage 4
[19Sep2025 00:36:22.122] [Server thread/INFO] [net.minecraft.server.MinecraftServer/]: [Not Secure] <KodaMakuin> pero no se usarlo
[19Sep2025 00:37:03.507] [Server thread/INFO] [net.minecraft.server.MinecraftServer/]: [Kilkov_: Set own game mode to Survival Mode]
[19Sep2025 00:37:04.255] [Server thread/INFO] [net.minecraft.server.MinecraftServer/]: [Not Secure] <Kilkov_> ya
[19Sep2025 00:37:06.616] [Server thread/INFO] [net.minecraft.server.MinecraftServer/]: [Not Secure] <Kilkov_> alv
[19Sep2025 00:37:23.172] [Server thread/INFO] [net.minecraft.server.MinecraftServer/]: [Not Secure] <KodaMakuin> como se vuela?
[19Sep2025 00:37:24.254] [Server thread/INFO] [net.minecraft.server.MinecraftServer/]: [Not Secure] <Kilkov_> prueba pa alla
[19Sep2025 00:37:29.583] [Server thread/INFO] [net.minecraft.server.MinecraftServer/]: [Not Secure] <Kilkov_> creo q manten el espacio
[19Sep2025 00:37:30.959] [Server thread/INFO] [net.minecraft.server.MinecraftServer/]: [Not Secure] <Kilkov_> mantenlo
[19Sep2025 00:37:32.255] [Server thread/INFO] [net.minecraft.server.MinecraftServer/]: [Not Secure] <KodaMakuin> pero a que le doy?
[19Sep2025 00:37:34.704] [Server thread/INFO] [net.minecraft.server.MinecraftServer/]: [Not Secure] <Kilkov_> creo q manten el espacio
[19Sep2025 00:37:44.008] [Server thread/INFO] [net.minecraft.server.MinecraftServer/]: [Not Secure] <KodaMakuin> ya
[19Sep2025 00:37:51.560] [Server thread/INFO] [net.minecraft.server.MinecraftServer/]: [Not Secure] <Kilkov_> y ahi improvisa
[19Sep2025 00:37:54.571] [Server thread/INFO] [net.minecraft.server.MinecraftServer/]: [Not Secure] <KodaMakuin> y pa bajar o subir?
[19Sep2025 00:37:55.107] [Server thread/INFO] [net.minecraft.server.MinecraftServer/]: [Not Secure] <Kilkov_> pero pa otro lao
[19Sep2025 00:38:01.306] [Server thread/INFO] [net.minecraft.server.MinecraftServer/]: [Not Secure] <Kilkov_> prueba doble espacio
[19Sep2025 00:38:02.574] [Server thread/INFO] [net.minecraft.server.MinecraftServer/]: [Not Secure] <Kilkov_> pq no se :V
[19Sep2025 00:38:05.519] [Server thread/INFO] [net.minecraft.server.MinecraftServer/]: [Not Secure] <Kilkov_> yo me tiraba
[19Sep2025 00:38:08.062] [Server thread/INFO] [net.minecraft.server.MinecraftServer/]: [Not Secure] <Kilkov_> por eso los destrozos
[19Sep2025 00:38:09.511] [Server thread/INFO] [net.minecraft.server.MinecraftServer/]: [Not Secure] <Kilkov_> :V
[19Sep2025 00:38:31.330] [Server thread/INFO] [net.minecraft.server.MinecraftServer/]: [Not Secure] <KodaMakuin> nah la rata sabia pero hoy anda con la regla
[19Sep2025 00:39:28.538] [Server thread/WARN] [net.minecraft.server.network.ServerGamePacketListenerImpl/]: Ahkrin (vehicle of KodaMakuin) moved too quickly! -10.198919282118823,0.0,-3.594542003228071
[19Sep2025 00:39:28.539] [Server thread/WARN] [net.minecraft.server.network.ServerGamePacketListenerImpl/]: Espanta Cucas (vehicle of Kilkov_) moved too quickly! -7.7871927527581875,0.0,6.55739781917282
[19Sep2025 00:39:28.539] [Server thread/WARN] [net.minecraft.server.network.ServerGamePacketListenerImpl/]: Ahkrin (vehicle of KodaMakuin) moved too quickly! -11.665467433675303,0.0,-4.0979144133752925
[19Sep2025 00:39:28.539] [Server thread/WARN] [net.minecraft.server.network.ServerGamePacketListenerImpl/]: Espanta Cucas (vehicle of Kilkov_) moved too quickly! -8.739929679376587,0.0,7.348205642757421
[19Sep2025 00:39:28.540] [Server thread/WARN] [net.minecraft.server.network.ServerGamePacketListenerImpl/]: Ahkrin (vehicle of KodaMakuin) moved too quickly! -13.138950241407656,0.0,-4.5801367500057495
[19Sep2025 00:39:28.540] [Server thread/WARN] [net.minecraft.server.network.ServerGamePacketListenerImpl/]: Espanta Cucas (vehicle of Kilkov_) moved too quickly! -9.734334893560685,0.0,8.065336339091118
[19Sep2025 00:39:28.540] [Server thread/WARN] [net.minecraft.server.network.ServerGamePacketListenerImpl/]: Ahkrin (vehicle of KodaMakuin) moved too quickly! -14.620469311155489,0.0,-5.033171450140799
[19Sep2025 00:39:28.540] [Server thread/WARN] [net.minecraft.server.network.ServerGamePacketListenerImpl/]: Espanta Cucas (vehicle of Kilkov_) moved too quickly! -10.765766342063557,0.0,8.715191861878338
[19Sep2025 00:39:28.541] [Server thread/WARN] [net.minecraft.server.network.ServerGamePacketListenerImpl/]: Ahkrin (vehicle of KodaMakuin) moved too quickly! -16.1108016386072,0.0,-5.444471633644753
[19Sep2025 00:39:28.541] [Server thread/WARN] [net.minecraft.server.network.ServerGamePacketListenerImpl/]: Espanta Cucas (vehicle of Kilkov_) moved too quickly! -11.830320406929445,0.0,9.300893148050818
[19Sep2025 00:39:28.541] [Server thread/WARN] [net.minecraft.server.network.ServerGamePacketListenerImpl/]: Ahkrin (vehicle of KodaMakuin) moved too quickly! -17.609277647315707,0.0,-5.8061093536807675
[19Sep2025 00:39:28.542] [Server thread/WARN] [net.minecraft.server.network.ServerGamePacketListenerImpl/]: Espanta Cucas (vehicle of Kilkov_) moved too quickly! -12.924511602298253,0.0,9.822561821296404
[19Sep2025 00:39:28.542] [Server thread/WARN] [net.minecraft.server.network.ServerGamePacketListenerImpl/]: Ahkrin (vehicle of KodaMakuin) moved too quickly! -19.114661292701044,0.0,-6.114952775785696
[19Sep2025 00:39:28.542] [Server thread/WARN] [net.minecraft.server.network.ServerGamePacketListenerImpl/]: Espanta Cucas (vehicle of Kilkov_) moved too quickly! -14.044904520319847,0.0,10.280099851820978
[19Sep2025 00:39:28.542] [Server thread/WARN] [net.minecraft.server.network.ServerGamePacketListenerImpl/]: Ahkrin (vehicle of KodaMakuin) moved too quickly! -20.62590044113324,0.0,-6.373587620495073
[19Sep2025 00:39:28.543] [Server thread/WARN] [net.minecraft.server.network.ServerGamePacketListenerImpl/]: Espanta Cucas (vehicle of Kilkov_) moved too quickly! -15.18806402245059,0.0,10.673010967039772
[19Sep2025 00:39:28.543] [Server thread/WARN] [net.minecraft.server.network.ServerGamePacketListenerImpl/]: Ahkrin (vehicle of KodaMakuin) moved too quickly! -22.142238852928585,0.0,-6.587094234796041
[19Sep2025 00:39:28.561] [Server thread/WARN] [net.minecraft.server.network.ServerGamePacketListenerImpl/]: Espanta Cucas (vehicle of Kilkov_) moved too quickly! -9.469409413453832,0.0,5.317349238784573
[19Sep2025 00:39:28.570] [Server thread/WARN] [net.minecraft.server.network.ServerGamePacketListenerImpl/]: Ahkrin (vehicle of KodaMakuin) moved too quickly! -14.926439715780475,0.0,-3.679212741090396
[19Sep2025 00:39:28.590] [Server thread/WARN] [net.minecraft.server.network.ServerGamePacketListenerImpl/]: Espanta Cucas (vehicle of Kilkov_) moved too quickly! -10.648820786241231,0.0,5.58724479804232
[19Sep2025 00:39:28.637] [Server thread/WARN] [net.minecraft.server.network.ServerGamePacketListenerImpl/]: Espanta Cucas (vehicle of Kilkov_) moved too quickly! -11.84286779095305,0.0,5.803534213554485
[19Sep2025 00:39:28.696] [Server thread/WARN] [net.minecraft.server.network.ServerGamePacketListenerImpl/]: Espanta Cucas (vehicle of Kilkov_) moved too quickly! -13.04388586445998,0.0,6.030483029343031
[19Sep2025 00:39:28.750] [Server thread/WARN] [net.minecraft.server.network.ServerGamePacketListenerImpl/]: Espanta Cucas (vehicle of Kilkov_) moved too quickly! -14.2510524206441,0.0,6.266833436175148
[19Sep2025 00:39:40.235] [Server thread/WARN] [net.minecraft.server.network.ServerGamePacketListenerImpl/]: Kilkov_ moved wrongly!
[19Sep2025 00:40:57.924] [Server thread/WARN] [net.minecraft.server.network.ServerGamePacketListenerImpl/]: Ahkrin (vehicle of KodaMakuin) moved too quickly! 9.797817427175687,0.0,4.726957650042095
[19Sep2025 00:40:57.925] [Server thread/WARN] [net.minecraft.server.network.ServerGamePacketListenerImpl/]: Ahkrin (vehicle of KodaMakuin) moved too quickly! 11.196482818375443,0.0,5.409324590497363
[19Sep2025 00:40:57.925] [Server thread/WARN] [net.minecraft.server.network.ServerGamePacketListenerImpl/]: Ahkrin (vehicle of KodaMakuin) moved too quickly! 12.59478071208946,0.0,6.093272659460126
[19Sep2025 00:40:57.926] [Server thread/WARN] [net.minecraft.server.network.ServerGamePacketListenerImpl/]: Ahkrin (vehicle of KodaMakuin) moved too quickly! 13.99019196215147,0.0,6.783565859806004
[19Sep2025 00:44:39.603] [Server thread/INFO] [net.minecraft.server.MinecraftServer/]: [Kilkov_: Teleported Kilkov_ to KodaMakuin]
[19Sep2025 00:44:41.702] [Server thread/INFO] [net.minecraft.server.MinecraftServer/]: [Kilkov_: Set own game mode to Spectator Mode]
[19Sep2025 00:44:47.051] [Server thread/INFO] [net.minecraft.server.MinecraftServer/]: [Kilkov_: Set own game mode to Creative Mode]
[19Sep2025 00:45:28.506] [Server thread/INFO] [net.minecraft.server.MinecraftServer/]: [Kilkov_: Gave 1 [Dragon Bone Flute] to KodaMakuin]
[19Sep2025 00:46:45.625] [Server thread/INFO] [net.minecraft.server.MinecraftServer/]: [Kilkov_: Set own game mode to Survival Mode]
[19Sep2025 00:47:13.285] [Server thread/INFO] [net.minecraft.server.MinecraftServer/]: [Not Secure] <KodaMakuin> asd
[19Sep2025 00:53:01.520] [Server thread/INFO] [net.minecraft.server.MinecraftServer/]: KodaMakuin has made the advancement [Forged in Flame]
[19Sep2025 00:58:12.515] [Server thread/INFO] [net.minecraft.server.MinecraftServer/]: KodaMakuin has made the advancement [Enchanter]
[19Sep2025 00:59:28.668] [Server thread/INFO] [net.minecraft.server.MinecraftServer/]: [KodaMakuin: Teleported KodaMakuin to Kilkov_]
[19Sep2025 01:00:08.022] [Server thread/INFO] [net.minecraft.server.MinecraftServer/]: KodaMakuin has made the advancement [Grave Ravager]
[19Sep2025 01:00:30.810] [Server thread/INFO] [net.minecraft.server.MinecraftServer/]: KodaMakuin has made the advancement [Rotten to the Core]
[19Sep2025 01:03:05.109] [Server thread/INFO] [net.minecraft.server.MinecraftServer/]: [Kilkov_: Teleported Kilkov_ to KodaMakuin]
[19Sep2025 01:07:43.813] [Server thread/INFO] [net.minecraft.server.MinecraftServer/]: [Kilkov_: Teleported Kilkov_ to KodaMakuin]
[19Sep2025 01:08:44.988] [Server thread/INFO] [net.minecraft.server.MinecraftServer/]: [Kilkov_: Teleported Kilkov_ to KodaMakuin]
[19Sep2025 01:12:13.303] [Server thread/INFO] [net.minecraft.server.MinecraftServer/]: [Kilkov_: Set own game mode to Creative Mode]
[19Sep2025 01:12:30.102] [Server thread/INFO] [net.minecraft.server.MinecraftServer/]: [Kilkov_: Set own game mode to Survival Mode]
[19Sep2025 01:22:22.324] [Server thread/INFO] [net.minecraft.server.MinecraftServer/]: [Kilkov_: Teleported Kilkov_ to KodaMakuin]
[19Sep2025 01:26:42.821] [Server thread/INFO] [net.minecraft.server.MinecraftServer/]: [Kilkov_: Teleported Kilkov_ to KodaMakuin]
[19Sep2025 01:28:17.372] [Server thread/INFO] [net.minecraft.server.MinecraftServer/]: KodaMakuin has reached the goal [New Age Librarian]
[19Sep2025 01:30:30.836] [Server thread/INFO] [net.minecraft.server.MinecraftServer/]: [Not Secure] <Kilkov_> asd
[19Sep2025 01:32:49.363] [Server thread/INFO] [net.minecraft.server.MinecraftServer/]: Kilkov_ has made the advancement [Defunct Machinery]
[19Sep2025 01:34:44.691] [Server thread/INFO] [net.minecraft.server.MinecraftServer/]: Kilkov_ has reached the goal [Float Like A Butterfly...]
[19Sep2025 01:35:31.676] [Server thread/INFO] [net.minecraft.server.MinecraftServer/]: [Not Secure] <KodaMakuin> 835 118 4060
[19Sep2025 01:35:34.160] [Server thread/INFO] [net.minecraft.server.MinecraftServer/]: [KodaMakuin: Teleported KodaMakuin to Kilkov_]
[19Sep2025 01:36:01.992] [Server thread/INFO] [net.minecraft.server.MinecraftServer/]: Kilkov_ has reached the goal [Big Boy]
[19Sep2025 01:37:12.870] [Server thread/INFO] [net.minecraft.server.MinecraftServer/]: KodaMakuin has completed the challenge [It's Purple!]
[19Sep2025 01:38:35.106] [Server thread/INFO] [net.minecraft.server.MinecraftServer/]: Kilkov_ has completed the challenge [Destroyer of Chads]
[19Sep2025 01:39:30.312] [Server thread/INFO] [net.minecraft.server.network.ServerLoginPacketListenerImpl/]: com.mojang.authlib.GameProfile@56894e21[id=<null>,name=Konnorcito,properties={},legacy=false] (/100.108.44.123:57436) lost connection: Disconnected
[19Sep2025 01:39:39.392] [Server thread/INFO] [net.minecraft.server.players.PlayerList/]: Konnorcito[/100.108.44.123:57444] logged in with entity id 50926 at (814.5382322590765, 121.0, 4012.055547820635)
[19Sep2025 01:39:39.411] [Server thread/INFO] [net.minecraft.server.MinecraftServer/]: Konnorcito joined the game
[19Sep2025 01:39:39.462] [Server thread/INFO] [Jade/]: Syncing config to Konnorcito (d8755d23-f6e9-34a1-a32a-9820cb7345cc)
[19Sep2025 01:41:06.720] [Server thread/INFO] [net.minecraft.server.MinecraftServer/]: [Kilkov_: Set own game mode to Spectator Mode]
[19Sep2025 01:41:12.884] [Server thread/INFO] [net.minecraft.server.MinecraftServer/]: [Kilkov_: Set own game mode to Survival Mode]
[19Sep2025 01:41:14.375] [Server thread/WARN] [net.minecraft.server.network.ServerGamePacketListenerImpl/]: Kilkov_ moved too quickly! 0.0,-10.529193645291315,0.0
[19Sep2025 01:41:15.983] [Server thread/INFO] [net.minecraft.server.MinecraftServer/]: [Kilkov_: Teleported Kilkov_ to KodaMakuin]
[19Sep2025 01:41:38.017] [Server thread/INFO] [net.minecraft.server.MinecraftServer/]: KodaMakuin has made the advancement [Strampling Predator]
[19Sep2025 01:41:45.868] [Server thread/INFO] [net.minecraft.server.MinecraftServer/]: [Konnorcito: Teleported Konnorcito to KodaMakuin]
[19Sep2025 01:42:06.262] [Server thread/INFO] [net.minecraft.server.MinecraftServer/]: [Not Secure] <Kilkov_> rata
[19Sep2025 01:42:10.114] [Server thread/INFO] [net.minecraft.server.MinecraftServer/]: [Not Secure] <Konnorcito> q
[19Sep2025 01:42:11.313] [Server thread/INFO] [net.minecraft.server.MinecraftServer/]: [Not Secure] <Kilkov_> q max es el nivel de arena?
[19Sep2025 01:42:16.062] [Server thread/INFO] [net.minecraft.server.MinecraftServer/]: [Not Secure] <Kilkov_> metete a discord niño ratica
[19Sep2025 01:42:25.694] [Server thread/INFO] [net.minecraft.server.MinecraftServer/]: [Not Secure] <Konnorcito> infinix
[19Sep2025 01:42:29.631] [Server thread/INFO] [net.minecraft.server.MinecraftServer/]: [Konnorcito: Teleported Konnorcito to Kilkov_]
[19Sep2025 01:42:34.786] [Server thread/INFO] [net.minecraft.server.MinecraftServer/]: [Not Secure] <Kilkov_> no hay max?
[19Sep2025 01:42:38.325] [Server thread/INFO] [net.minecraft.server.MinecraftServer/]: [Not Secure] <Konnorcito> no
[19Sep2025 01:42:48.439] [Server thread/INFO] [net.minecraft.server.MinecraftServer/]: [Not Secure] <Kilkov_> y a partir de cual te dan los trofeos?
[19Sep2025 01:42:51.236] [Server thread/INFO] [net.minecraft.server.MinecraftServer/]: [Not Secure] <Kilkov_> hay uno de nethe
[19Sep2025 01:43:12.635] [Server thread/INFO] [net.minecraft.server.MinecraftServer/]: [Not Secure] <Konnorcito> 1 10 20 50 75 y 100 creo
[19Sep2025 01:43:30.731] [Server thread/INFO] [net.minecraft.server.MinecraftServer/]: [Not Secure] <Kilkov_> cual es la mierda pa que no te afecte el fuego?
[19Sep2025 01:43:37.835] [Server thread/INFO] [net.minecraft.server.MinecraftServer/]: [Not Secure] <Konnorcito> madera piedra hierro oro diamon y nethe
[19Sep2025 01:43:57.223] [Server thread/INFO] [net.minecraft.server.MinecraftServer/]: [Not Secure] <Konnorcito> prote contra la lava
[19Sep2025 01:44:00.870] [Server thread/INFO] [net.minecraft.server.MinecraftServer/]: [Not Secure] <Konnorcito> lo vendo
[19Sep2025 01:44:03.470] [Server thread/INFO] [net.minecraft.server.MinecraftServer/]: [Not Secure] <Konnorcito> :D
[19Sep2025 01:44:15.519] [Server thread/INFO] [net.minecraft.server.MinecraftServer/]: [Not Secure] <Kilkov_> for
[19Sep2025 01:44:25.939] [Server thread/INFO] [net.minecraft.server.MinecraftServer/]: [Not Secure] <Konnorcito> ahora
[19Sep2025 01:44:28.179] [Server thread/INFO] [net.minecraft.server.MinecraftServer/]: [Not Secure] <Konnorcito> tu culo
[19Sep2025 01:44:30.071] [Server thread/INFO] [net.minecraft.server.MinecraftServer/]: [Not Secure] <Konnorcito> sera mio
[19Sep2025 01:46:04.666] [Server thread/INFO] [net.minecraft.server.MinecraftServer/]: [Kilkov_: Set own game mode to Spectator Mode]
[19Sep2025 01:46:11.035] [Server thread/INFO] [net.minecraft.server.MinecraftServer/]: [Kilkov_: Set own game mode to Survival Mode]
[19Sep2025 01:46:28.233] [Server thread/INFO] [net.minecraft.server.MinecraftServer/]: [Kilkov_: Set own game mode to Spectator Mode]
[19Sep2025 01:46:29.282] [Server thread/INFO] [net.minecraft.server.MinecraftServer/]: [Kilkov_: Set own game mode to Survival Mode]
[19Sep2025 01:47:31.374] [Server thread/INFO] [net.minecraft.server.MinecraftServer/]: [Kilkov_: Set own game mode to Spectator Mode]
[19Sep2025 01:47:32.932] [Server thread/INFO] [net.minecraft.server.MinecraftServer/]: [Kilkov_: Set own game mode to Survival Mode]
[19Sep2025 01:48:01.466] [Server thread/INFO] [net.minecraft.server.MinecraftServer/]: [Kilkov_: Set own game mode to Spectator Mode]
[19Sep2025 01:48:03.220] [Server thread/INFO] [net.minecraft.server.MinecraftServer/]: [Kilkov_: Set own game mode to Survival Mode]
[19Sep2025 01:48:59.664] [Server thread/INFO] [net.minecraft.server.MinecraftServer/]: [Kilkov_: Set own game mode to Spectator Mode]
[19Sep2025 01:49:00.527] [Server thread/INFO] [net.minecraft.server.MinecraftServer/]: [Kilkov_: Set own game mode to Survival Mode]
[19Sep2025 01:49:10.078] [Server thread/INFO] [net.minecraft.server.MinecraftServer/]: [Kilkov_: Teleported Kilkov_ to Konnorcito]
